Test file writing at: Thu Jul 31 12:38:43 IST 2025
